// Jest Snapshot v1, https://goo.gl/fbAQLP

exports[`Pruebas en HookApp Se debe mostrar correctamente 1`] = `
<div>
  <h1>
    Hola Mundo
  </h1>
</div>
`;
