// Jest Snapshot v1, https://goo.gl/fbAQLP

exports[`Pruebas en Add Category Debe mostrarse correctamente 1`] = `
<form
  onSubmit={[Function]}
>
  <p />
  <input
    onChange={[Function]}
    placeholder="Escribe un tema para buscar"
    type="text"
    value=""
  />
</form>
`;
