// Jest Snapshot v1, https://goo.gl/fbAQLP

exports[`Pruebas sobre Gif Expert Debe mostrar el componente correctamente 1`] = `
<div
  className="card animate__animated animate__fadeIn"
>
  <img
    alt="Titulo del item"
    src="https://localhost/imagen.jpg"
  />
  <p>
    Titulo del item
  </p>
</div>
`;
